>>> add_integer = __import__('0-add_integer').add_integer

>>> print(add_integer(1, 2))
3

>>> print(add_integer(100, -2))
98

>>> try:
...     print(add_integer(2))
... except Exception as e:
...     print(f"TypeError: {e}")
100

>>> print(add_integer(100.3, -2))
98

>>> try:
...     print(add_integer(4, "School"))
... except Exception as e:
...     print(f"TypeError: {e}")
TypeError: b must be an integer

>>> try:
...     print(add_integer(None))
... except Exception as e:
...     print(f"TypeError: {e}")
TypeError: a must be an integer

>>> try:
...     print(add_integer(1e100))
... except Exception as e:
...     print(f"OverflowError: {e}")
OverflowError: number too large
