>>> text_indentation = __import__('5-text_indentation').text_indentation

>>> text_indentation("Hello. How are you? I'm fine: thank you.")
Hello.

How are you?

I'm fine:

thank you.

>>> text_indentation("Hello there")
Hello there

>>> text_indentation("Hello.   How are you?  I'm fine:   thank you.")
Hello.

How are you?

I'm fine:

thank you.

>>> text_indentation("")
<BLANKLINE>

>>> text_indentation(123)
Traceback (most recent call last):
    ...
TypeError: text must be a string

>>> text_indentation("...:::???")
.
.
.
:
:
:
?
?
?

>>> text_indentation("Hello.\nHow are you?")
Hello.

How are you?`
